// Jest Snapshot v1, https://goo.gl/fbAQLP

exports[`Matches the snapshot 1`] = `
<div>
  <h1
    className="ml-24 text-3xl font-medium"
  >
    some-title
  </h1>
</div>
`;
