// Jest Snapshot v1, https://goo.gl/fbAQLP

exports[`Matches the snapshot 1`] = `
<a
  href="/dashboard"
  onClick={[Function]}
>
  <img
    alt="search"
    className="mx-3 "
    src="search.png"
  />
</a>
`;
