// Jest Snapshot v1, https://goo.gl/fbAQLP

exports[`matches the snapshot 1`] = `
<div
  className="pb-2"
>
  <a
    href="/"
    onClick={[Function]}
  >
    example
  </a>
</div>
`;
