// Jest Snapshot v1, https://goo.gl/fbAQLP

exports[`It matches the snapshot 1`] = `
<div
  className="mt-20 flex justify-center"
>
  <img
    alt="error"
    src="error.png"
  />
</div>
`;
