// Jest Snapshot v1, https://goo.gl/fbAQLP

exports[`matches the snapshot 1`] = `
<div
  className=" flex pt-24 text-4xl sm:justify-center sm:pl-0 md:justify-center md:pl-0 lg:justify-start lg:pl-40 "
>
  example
</div>
`;
