// Jest Snapshot v1, https://goo.gl/fbAQLP

exports[`It matches the snapshot 1`] = `
<div
  className=""
>
  <a
    href="/"
    onClick={[Function]}
  >
    title
  </a>
</div>
`;
