// Jest Snapshot v1, https://goo.gl/fbAQLP

exports[`Matches the snapshot 1`] = `
<a
  href="/"
  onClick={[Function]}
>
  <div
    className="movy text-4xl"
  >
    Movy
  </div>
</a>
`;
