// Jest Snapshot v1, https://goo.gl/fbAQLP

exports[`Matches the snapshot 1`] = `
<footer
  className="linear-gradient"
>
  <div
    className=" flex pt-24 text-4xl sm:justify-center sm:pl-0 md:justify-center md:pl-0 lg:justify-start lg:pl-40 "
  >
    Questions? Call +1 (408) 600-1722 (USA)
  </div>
  <div
    className=" mt-12 grid pb-40 sm:grid-cols-1 sm:pl-0 sm:text-center md:grid-cols-2 md:pl-0 md:text-center lg:grid-cols-4 lg:pl-40 lg:text-left "
  >
    <div
      className="pb-2"
    >
      <a
        href="/"
        onClick={[Function]}
      >
        FAQ
      </a>
    </div>
    <div
      className="pb-2"
    >
      <a
        href="/"
        onClick={[Function]}
      >
        Help Center
      </a>
    </div>
    <div
      className="pb-2"
    >
      <a
        href="/"
        onClick={[Function]}
      >
        Account
      </a>
    </div>
    <div
      className="pb-2"
    >
      <a
        href="/"
        onClick={[Function]}
      >
        Media Center
      </a>
    </div>
    <div
      className="pb-2"
    >
      <a
        href="/"
        onClick={[Function]}
      >
        Privacy
      </a>
    </div>
    <div
      className="pb-2"
    >
      <a
        href="/"
        onClick={[Function]}
      >
        Jobs
      </a>
    </div>
    <div
      className="pb-2"
    >
      <a
        href="/"
        onClick={[Function]}
      >
        Ways to Watch
      </a>
    </div>
    <div
      className="pb-2"
    >
      <a
        href="/"
        onClick={[Function]}
      >
        Terms of Use
      </a>
    </div>
    <div
      className="pb-2"
    >
      <a
        href="/"
        onClick={[Function]}
      >
        Speed Test
      </a>
    </div>
    <div
      className="pb-2"
    >
      <a
        href="/"
        onClick={[Function]}
      >
        Cookie Preferences
      </a>
    </div>
    <div
      className="pb-2"
    >
      <a
        href="/"
        onClick={[Function]}
      >
        Corporate Information
      </a>
    </div>
    <div
      className="pb-2"
    >
      <a
        href="/"
        onClick={[Function]}
      >
        Contact Us
      </a>
    </div>
  </div>
</footer>
`;
