// Jest Snapshot v1, https://goo.gl/fbAQLP

exports[`Matches the snapshot 1`] = `
<div
  className="pb-2"
>
  <a
    href="/dashboard"
    onClick={[Function]}
  >
    example
  </a>
</div>
`;
